Test Test None
a Num 1
b Str 2
c Num
t Instance(Test)
