a List(Num)
f Function(iterable: Unknown -> List(Unknown))
