x01 Bool
x02 Bool
x03 Bool
x04 Bool
x05 Bool
x06 Bool

testcases/in.py:2 inconsitent-types "In" (Str, Num)
testcases/in.py:4 in-operator-argument-not-list-or-dict "In"
testcases/in.py:5 in-operator-chaining "In In"
testcases/in.py:6 in-operator-argument-not-list-or-dict "In"
