x Maybe(Num)
y Maybe(Num)
z Num

testcases/inference.py:2 undefined "random" (random)
testcases/inference.py:3 undefined "random" (random)
testcases/inference.py:6 type-error "x" (Maybe(Num) vs Num)
testcases/inference.py:6 type-error "y" (Maybe(Num) vs Num)
