a NoneType None
b Num
c Maybe(Num)
f Function(a: Num -> Maybe(Union(Num,Str)))
g Function(a: Num -> Maybe(Union(Num,Str)))
h Function(a: Num -> Maybe(Union(Num,Str)))
