MyClass Class()
a List(Num) [1, 2, 3]
another_function Function()
b Num
c Num
func Function()
func2 Function()
globe Num 1
instance Unknown
my_function Function(sam: Function(x: Unknown), maxi: Function(obj: Unknown))
testimport Instance(__import__)
types Function(, args: Tuple, kwargs: Dict)
v List(Unknown)
w Maybe(Num)
x Unknown
y Unknown
z Dict(Unknown,Unknown) {}

testcases/misc.py:55 type-change "a = ..." (Num -> List(Num))
testcases/misc.py:55 reassignment "a = ..."
testcases/misc.py:57 reassignment "c = ..."
testcases/misc.py:58 missing-argument "my_function" (sam)
testcases/misc.py:58 missing-argument "my_function" (maxi)
testcases/misc.py:22 reassignment "bob = ..."
testcases/misc.py:22 undefined "sam"
testcases/misc.py:23 reassignment "globe = ..."
testcases/misc.py:59 not-a-function "MyClass" (MyClass)
testcases/misc.py:37 type-change "alice = ..." (Num -> Str)
testcases/misc.py:37 reassignment "alice = ..."
testcases/misc.py:38 multiple-return-types "Return" (List(Unknown) -> Str)
testcases/misc.py:43 inconsitent-types "Eq" (Str, List(Num))
testcases/misc.py:45 inconsitent-types "Is" (Str, NoneType)
testcases/misc.py:49 reassignment "alice = ..."
testcases/misc.py:50 type-change "alice = ..." (Str -> Num)
testcases/misc.py:50 reassignment "alice = ..."
testcases/misc.py:28 missing-argument "my_function" (sam)
testcases/misc.py:28 missing-argument "my_function" (maxi)
testcases/misc.py:30 inconsitent-types "Eq" (Str, Num)
testcases/misc.py:30 missing-argument "my_function" (sam)
testcases/misc.py:30 missing-argument "my_function" (maxi)
testcases/misc.py:68 type-change "i = ..." (Unknown -> Num)
testcases/misc.py:68 reassignment "i = ..."
testcases/misc.py:71 type-change "z = ..." (Num -> Dict(Unknown,Unknown))
testcases/misc.py:71 reassignment "z = ..."
builtins.py:256 not-a-function "file" (file)
