c Num
d Num

testcases/reassign.py:3 reassignment "c = ..."
