f Function(a: Num -> Union(Num,Str))
x Union(Num,Str)
