imported Dict(Unknown,Unknown) {}
mime_text Instance(object)
my_integer Num
my_other_integer Num
