a Dict(Unknown,Unknown) {}
f Function()

testcases/with.py:6 type-change "a = ..." (Str -> Num)
testcases/with.py:6 reassignment "a = ..."
